---
source: src/lowering/calls.rs
expression: "units[0].0.implementations[1]"
---
Implementation {
    name: "MID",
    type_name: "MID",
    linkage: External,
    pou_type: Function,
    statements: [],
    overriding: false,
    generic: true,
    access: None,
}
