---
source: compiler/plc_project/src/build_config.rs
expression: diag.to_string()
---
plc_json__invalid: missing field `name`  at: :6:9:{6:9-6:100}: 
