---
source: src/index/tests/index_tests.rs
expression: new_pointer_type
---
UserTypeDeclaration {
    data_type: PointerType {
        name: Some(
            "__foo_inline_pointer_",
        ),
        referenced_type: DataTypeReference {
            referenced_type: "INT",
        },
        auto_deref: None,
    },
    initializer: None,
    scope: Some(
        "foo",
    ),
}
