---
source: src/index/tests/instance_resolver_tests.rs
expression: "index.find_instances().collect::<Vec<Instance<'_>>>()"
---
[
    (
        ExpressionPath {
            names: [
                Name(
                    "MainProg",
                ),
            ],
        },
        VariableIndexEntry {
            name: "MainProg_instance",
            qualified_name: "MainProg",
            initial_value: None,
            argument_type: ByVal(
                Global,
            ),
            is_constant: false,
            data_type_name: "MainProg",
            location_in_parent: 0,
            linkage: Internal,
            binding: None,
            source_location: SourceLocation {
                span: Range(
                    TextLocation {
                        line: 6,
                        column: 12,
                        offset: 98,
                    }..TextLocation {
                        line: 6,
                        column: 20,
                        offset: 106,
                    },
                ),
            },
            varargs: None,
        },
    ),
    (
        ExpressionPath {
            names: [
                Name(
                    "MainProg",
                ),
                Name(
                    "rFb",
                ),
            ],
        },
        VariableIndexEntry {
            name: "rFb",
            qualified_name: "MainProg.rFb",
            initial_value: None,
            argument_type: ByVal(
                Local,
            ),
            is_constant: false,
            data_type_name: "__MainProg_rFb",
            location_in_parent: 0,
            linkage: Internal,
            binding: None,
            source_location: SourceLocation {
                span: Range(
                    TextLocation {
                        line: 8,
                        column: 8,
                        offset: 123,
                    }..TextLocation {
                        line: 8,
                        column: 11,
                        offset: 126,
                    },
                ),
            },
            varargs: None,
        },
    ),
]
