---
source: compiler/plc_xml/src/model/pou.rs
expression: "Pou::visit(&mut reader)"
---
Ok(
    Pou {
        name: "foo",
        pou_type: Program,
        body: Body {
            function_block_diagram: None,
        },
        actions: [],
        interface: None,
    },
)
