---
source: src/resolver/tests/resolve_expressions_tests.rs
expression: annotations.get(right).unwrap()
---
Variable {
    resulting_type: "DINT",
    qualified_name: "__M_1_3",
    constant: false,
    argument_type: ByVal(
        Global,
    ),
    auto_deref: None,
}
