---
source: src/resolver/inferring_type_annotator.rs
expression: "AnnotationPrinter ::\nprint(\"\n        PROGRAM PRG\n            VAR a : INT; b : BYTE; END_VAR\n            a < b;\n            a <= b;\n            a = b;\n            a <> b;\n            a > b;\n            a >= b;\n            (a = b) = (b = a);\n        END_PROGRAM\",\n& annotations, & unit)"
---
a < b [<BOOL>]
    a [<INT (Variable PRG.a)>, hint: INT]
    b [<BYTE (Variable PRG.b)>, hint: INT]
a <= b [<BOOL>]
    a [<INT (Variable PRG.a)>, hint: INT]
    b [<BYTE (Variable PRG.b)>, hint: INT]
a = b [<BOOL>]
    a [<INT (Variable PRG.a)>, hint: INT]
    b [<BYTE (Variable PRG.b)>, hint: INT]
a <> b [<BOOL>]
    a [<INT (Variable PRG.a)>, hint: INT]
    b [<BYTE (Variable PRG.b)>, hint: INT]
a > b [<BOOL>]
    a [<INT (Variable PRG.a)>, hint: INT]
    b [<BYTE (Variable PRG.b)>, hint: INT]
a >= b [<BOOL>]
    a [<INT (Variable PRG.a)>, hint: INT]
    b [<BYTE (Variable PRG.b)>, hint: INT]
(a = b) = (b = a) [<BOOL>]
    (a = b) [<BOOL>, hint: BOOL]
        a [<INT (Variable PRG.a)>, hint: INT]
        b [<BYTE (Variable PRG.b)>, hint: INT]
    (b = a) [<BOOL>, hint: BOOL]
        b [<BYTE (Variable PRG.b)>, hint: INT]
        a [<INT (Variable PRG.a)>, hint: INT]
