---
source: src/parser/tests/control_parser_tests.rs
expression: statement
---
RepeatLoopStatement {
    condition: BinaryExpression {
        operator: Greater,
        left: ReferenceExpr {
            kind: Member(
                Identifier {
                    name: "x",
                },
            ),
            base: None,
        },
        right: LiteralInteger {
            value: 7,
        },
    },
    body: [],
}
