---
source: src/parser/tests/type_parser_tests.rs
expression: "result.user_types[0]"
---
UserTypeDeclaration {
    data_type: PointerType {
        name: Some(
            "SamplePointer",
        ),
        referenced_type: DataTypeReference {
            referenced_type: "INT",
        },
        auto_deref: false,
        is_reference_to: false,
    },
    initializer: None,
    scope: None,
}
