---
source: src/parser/tests/expressions_parser_tests.rs
expression: statement
---
BinaryExpression {
    operator: Multiplication,
    left: BinaryExpression {
        operator: Plus,
        left: LiteralInteger {
            value: 1,
        },
        right: LiteralInteger {
            value: 2,
        },
    },
    right: BinaryExpression {
        operator: Plus,
        left: LiteralInteger {
            value: 3,
        },
        right: LiteralInteger {
            value: 4,
        },
    },
}
