---
source: src/validation/tests/generic_validation_tests.rs
expression: "&diagnostics"
---
error[E062]: Invalid type nature for generic argument. TIME is no ANY_NUMBER
  ┌─ <internal>:3:58
  │
3 │         FUNCTION func1  : INT VAR x : TIME; END_VAR test(x); END_FUNCTION
  │                                                          ^ Invalid type nature for generic argument. TIME is no ANY_NUMBER

error[E062]: Invalid type nature for generic argument. TIME is no ANY_NUMBER
  ┌─ <internal>:4:59
  │
4 │         FUNCTION func2  : INT VAR x : LTIME; END_VAR test(x); END_FUNCTION
  │                                                           ^ Invalid type nature for generic argument. TIME is no ANY_NUMBER


