---
source: src/validation/tests/recursive_validation_tests.rs
expression: make_readable(&diagnostics)
---
SemanticError { message: "Recursive data structure `A -> A` has infinite size", range: [SourceRange { range: 18..19 }], err_no: pou__recursive_data_structure }
SemanticError { message: "Recursive data structure `A -> B -> A` has infinite size", range: [SourceRange { range: 18..19 }, SourceRange { range: 167..168 }], err_no: pou__recursive_data_structure }

