---
source: src/validation/tests/recursive_validation_tests.rs
expression: diagnostics
---

