---
source: src/validation/tests/pou_validation_tests.rs
expression: "&diagnostics"
---
error[E021]: A program cannot use `EXTEND`
  ┌─ <internal>:5:17
  │
5 │         PROGRAM prog EXTENDS cls
  │                 ^^^^ A program cannot use `EXTEND`


