---
source: src/validation/tests/statement_validation_tests.rs
expression: "&diagnostics"
---
warning: Incompatible poiner types: passing by-ref argument of type LINT to parameter expecting DINT
  ┌─ <internal>:9:20
  │
9 │             fb.foo(var_lint, var_wstr); // downcast, invalid
  │                    ^^^^^^^^ Incompatible poiner types: passing by-ref argument of type LINT to parameter expecting DINT

error: Invalid assignment: cannot assign 'WSTRING' to 'STRING'
  ┌─ <internal>:9:30
  │
9 │             fb.foo(var_lint, var_wstr); // downcast, invalid
  │                              ^^^^^^^^ Invalid assignment: cannot assign 'WSTRING' to 'STRING'

error: Invalid assignment: cannot assign 'ARRAY[1..3] OF LINT' to 'STRING'
   ┌─ <internal>:10:32
   │
10 │             prog.bar(var_lint, var_arr); // downcast, invalid
   │                                ^^^^^^^ Invalid assignment: cannot assign 'ARRAY[1..3] OF LINT' to 'STRING'
