---
source: src/validation/tests/assignment_validation_tests.rs
expression: res
---
SyntaxError { message: "Invalid assignment: cannot assign 'STRING' to 'BYTE'", range: [SourceLocation { span: Range(TextLocation { line: 25, column: 31, offset: 548 }..TextLocation { line: 25, column: 35, offset: 552 }) }], err_no: var__invalid_assignment }

