---
source: src/codegen/tests/initialization_test/type_initializers.rs
expression: result
---
; ModuleID = 'main'
source_filename = "main"

%Point = type { i32, i32, i32 }

@x = global %Point { i32 1, i32 2, i32 7 }, section "var-$RUSTY$x:r3i32i32i32"
@__Point__init = unnamed_addr constant %Point { i32 0, i32 0, i32 7 }, section "var-$RUSTY$__Point__init:r3i32i32i32"
