---
source: tests/integration/cfc.rs
expression: output_file_content_without_headers
---
%main = type { i32, i32 }

@main_instance = global %main zeroinitializer, section "var-$RUSTY$main_instance:r2i32i32", !dbg !0

define void @main(%main* %0) section "fn-$RUSTY$main:v" !dbg !12 {
entry:
  call void @llvm.dbg.declare(metadata %main* %0, metadata !16, metadata !DIExpression()), !dbg !17
  %a = getelementptr inbounds %main, %main* %0, i32 0, i32 0, !dbg !18
  %b = getelementptr inbounds %main, %main* %0, i32 0, i32 1, !dbg !18
  store i32 0, i32* %a, align 4, !dbg !19
  call void @main.newAction(%main* %0), !dbg !17
  call void @main.newAction2(%main* %0), !dbg !20
  ret void, !dbg !20
}

define void @main.newAction(%main* %0) section "fn-$RUSTY$main.newAction:v" !dbg !21 {
entry:
  call void @llvm.dbg.declare(metadata %main* %0, metadata !16, metadata !DIExpression()), !dbg !22
  %a = getelementptr inbounds %main, %main* %0, i32 0, i32 0, !dbg !23
  %b = getelementptr inbounds %main, %main* %0, i32 0, i32 1, !dbg !23
  %load_a = load i32, i32* %a, align 4, !dbg !22
  %tmpVar = add i32 %load_a, 1, !dbg !22
  store i32 %tmpVar, i32* %a, align 4, !dbg !22
  ret void, !dbg !22
}

define void @main.newAction2(%main* %0) section "fn-$RUSTY$main.newAction2:v" !dbg !24 {
entry:
  call void @llvm.dbg.declare(metadata %main* %0, metadata !16, metadata !DIExpression()), !dbg !25
  %a = getelementptr inbounds %main, %main* %0, i32 0, i32 0, !dbg !26
  %b = getelementptr inbounds %main, %main* %0, i32 0, i32 1, !dbg !26
  %load_b = load i32, i32* %b, align 4, !dbg !27
  %tmpVar = add i32 %load_b, 2, !dbg !27
  store i32 %tmpVar, i32* %b, align 4, !dbg !27
  ret void, !dbg !27
}

; Function Attrs: nofree nosync nounwind readnone speculatable willreturn
declare void @llvm.dbg.declare(metadata, metadata, metadata) #0

attributes #0 = { nofree nosync nounwind readnone speculatable willreturn }

!llvm.module.flags = !{!8, !9}
!llvm.dbg.cu = !{!10}

!0 = !DIGlobalVariableExpression(var: !1, expr: !DIExpression())
!1 = distinct !DIGlobalVariable(name: "main", scope: !2, file: !2, line: 1, type: !3, isLocal: false, isDefinition: true)
!2 = !DIFile(filename: "<internal>.cfc", directory: "")
!3 = !DICompositeType(tag: DW_TAG_structure_type, name: "main", scope: !2, file: !2, line: 1, size: 64, align: 64, flags: DIFlagPublic, elements: !4, identifier: "main")
!4 = !{!5, !7}
!5 = !DIDerivedType(tag: DW_TAG_member, name: "a", scope: !2, file: !2, line: 1, baseType: !6, size: 32, align: 32, flags: DIFlagPublic)
!6 = !DIBasicType(name: "DINT", size: 32, encoding: DW_ATE_signed, flags: DIFlagPublic)
!7 = !DIDerivedType(tag: DW_TAG_member, name: "b", scope: !2, file: !2, line: 1, baseType: !6, size: 32, align: 32, offset: 32, flags: DIFlagPublic)
!8 = !{i32 2, !"Dwarf Version", i32 5}
!9 = !{i32 2, !"Debug Info Version", i32 3}
!10 = distinct !DICompileUnit(language: DW_LANG_C, file: !2, producer: "RuSTy Structured text Compiler", isOptimized: false, runtimeVersion: 0, emissionKind: FullDebug, globals: !11, splitDebugInlining: false)
!11 = !{!0}
!12 = distinct !DISubprogram(name: "main", linkageName: "main", scope: !2, file: !2, line: 1, type: !13, scopeLine: 1, flags: DIFlagPublic, spFlags: DISPFlagDefinition, unit: !10, retainedNodes: !15)
!13 = !DISubroutineType(flags: DIFlagPublic, types: !14)
!14 = !{null}
!15 = !{}
!16 = !DILocalVariable(name: "main", scope: !12, file: !2, line: 1, type: !3)
!17 = !DILocation(line: 1, scope: !12)
!18 = !DILocation(line: 0, scope: !12)
!19 = !DILocation(line: 3, scope: !12)
!20 = !DILocation(line: 2, scope: !12)
!21 = distinct !DISubprogram(name: "main.newAction", linkageName: "main.newAction", scope: !2, file: !2, type: !13, scopeLine: 1, flags: DIFlagPublic, spFlags: DISPFlagDefinition, unit: !10, retainedNodes: !15)
!22 = !DILocation(line: 1, scope: !21)
!23 = !DILocation(line: 0, scope: !21)
!24 = distinct !DISubprogram(name: "main.newAction2", linkageName: "main.newAction2", scope: !2, file: !2, type: !13, scopeLine: 1, flags: DIFlagPublic, spFlags: DISPFlagDefinition, unit: !10, retainedNodes: !15)
!25 = !DILocation(line: 1, scope: !24)
!26 = !DILocation(line: 0, scope: !24)
!27 = !DILocation(line: 2, scope: !24)
