---
source: src/codegen/tests/code_gen_tests.rs
assertion_line: 1605
expression: result

---
; ModuleID = 'main'
source_filename = "main"

%foo_interface = type { i32, i8 }
%prg_interface = type {}

@foo_instance = global %foo_interface zeroinitializer
@prg_instance = global %prg_interface zeroinitializer

define void @foo(%foo_interface* %0) {
entry:
  %bar = getelementptr inbounds %foo_interface, %foo_interface* %0, i32 0, i32 0
  %buz = getelementptr inbounds %foo_interface, %foo_interface* %0, i32 0, i32 1
  ret void
}

define void @prg(%prg_interface* %0) {
entry:
  store i8 1, i8* getelementptr inbounds (%foo_interface, %foo_interface* @foo_instance, i32 0, i32 1), align 1
  store i32 2, i32* getelementptr inbounds (%foo_interface, %foo_interface* @foo_instance, i32 0, i32 0), align 4
  call void @foo(%foo_interface* @foo_instance)
  ret void
}

