---
source: src/codegen/tests/code_gen_tests.rs
expression: result
---
; ModuleID = '<internal>'
source_filename = "<internal>"

%prg = type { i64, i64, i64, i64 }

@prg_instance = global %prg zeroinitializer

define void @prg(%prg* %0) {
entry:
  %w = getelementptr inbounds %prg, %prg* %0, i32 0, i32 0
  %x = getelementptr inbounds %prg, %prg* %0, i32 0, i32 1
  %y = getelementptr inbounds %prg, %prg* %0, i32 0, i32 2
  %z = getelementptr inbounds %prg, %prg* %0, i32 0, i32 3
  store i64 56190123000000, i64* %w, align 4
  store i64 56190123000000, i64* %w, align 4
  store i64 100012000000, i64* %x, align 4
  store i64 100012000000, i64* %x, align 4
  store i64 465436800000000000, i64* %y, align 4
  store i64 0, i64* %y, align 4
  store i64 465509714000000000, i64* %z, align 4
  store i64 58804123000000, i64* %z, align 4
  store i64 58804123456789, i64* %z, align 4
  store i64 946757700000000000, i64* %z, align 4
  store i64 946757700000000000, i64* %z, align 4
  store i64 946757708123000000, i64* %z, align 4
  ret void
}
; ModuleID = '__initializers'
source_filename = "__initializers"

%prg = type { i64, i64, i64, i64 }

@prg_instance = external global %prg

define void @__init_prg(%prg* %0) {
entry:
  %self = alloca %prg*, align 8
  store %prg* %0, %prg** %self, align 8
  ret void
}

declare void @prg(%prg*)
; ModuleID = '__init___testproject'
source_filename = "__init___testproject"

%prg = type { i64, i64, i64, i64 }

@prg_instance = external global %prg
@llvm.global_ctors = appending global [1 x { i32, void ()*, i8* }] [{ i32, void ()*, i8* } { i32 0, void ()* @__init___testproject, i8* null }]

define void @__init___testproject() {
entry:
  call void @__init_prg(%prg* @prg_instance)
  ret void
}

declare void @__init_prg(%prg*)

declare void @prg(%prg*)
