---
source: src/codegen/tests/code_gen_tests.rs
expression: result
---
; ModuleID = 'main'
source_filename = "main"

%MyClass = type { i16, i16 }
%MyClass.testMethod = type { i16, i16 }

@MyClass__init = unnamed_addr constant %MyClass zeroinitializer

define void @MyClass.testMethod(%MyClass* %0, %MyClass.testMethod* %1) {
entry:
  %x = getelementptr inbounds %MyClass, %MyClass* %0, i32 0, i32 0
  %y = getelementptr inbounds %MyClass, %MyClass* %0, i32 0, i32 1
  %myMethodArg = getelementptr inbounds %MyClass.testMethod, %MyClass.testMethod* %1, i32 0, i32 0
  %myMethodLocalVar = getelementptr inbounds %MyClass.testMethod, %MyClass.testMethod* %1, i32 0, i32 1
  store i16 0, i16* %myMethodLocalVar, align 2
  %load_myMethodArg = load i16, i16* %myMethodArg, align 2
  store i16 %load_myMethodArg, i16* %x, align 2
  %load_x = load i16, i16* %x, align 2
  store i16 %load_x, i16* %y, align 2
  %load_myMethodLocalVar = load i16, i16* %myMethodLocalVar, align 2
  %2 = sext i16 %load_myMethodLocalVar to i32
  %load_y = load i16, i16* %y, align 2
  %3 = sext i16 %load_y to i32
  %tmpVar = icmp eq i32 %2, %3
  ret void
}

