---
source: src/codegen/tests/function_tests.rs
expression: result
---
; ModuleID = 'main'
source_filename = "main"

define i32 @func(i16 %0, i8* %1, i64* %2) section "fn-func:i32[i16][pi8][pi64]" {
entry:
  %func = alloca i32, align 4
  %i = alloca i16, align 2
  store i16 %0, i16* %i, align 2
  %io = alloca i8*, align 8
  store i8* %1, i8** %io, align 8
  %o = alloca i64*, align 8
  store i64* %2, i64** %o, align 8
  %v = alloca i16, align 2
  %vt = alloca i16, align 2
  store i16 1, i16* %v, align 2
  store i16 2, i16* %vt, align 2
  store i32 0, i32* %func, align 4
  %load_i = load i16, i16* %i, align 2
  %3 = sext i16 %load_i to i32
  %deref = load i8*, i8** %io, align 8
  %load_io = load i8, i8* %deref, align 1
  %4 = sext i8 %load_io to i32
  %tmpVar = mul i32 %3, %4
  %5 = sext i32 %tmpVar to i64
  %deref1 = load i64*, i64** %o, align 8
  %load_o = load i64, i64* %deref1, align 4
  %tmpVar2 = sub i64 %5, %load_o
  %load_v = load i16, i16* %v, align 2
  %6 = sext i16 %load_v to i32
  %load_vt = load i16, i16* %vt, align 2
  %7 = sext i16 %load_vt to i32
  %tmpVar3 = mul i32 %6, %7
  %8 = sext i32 %tmpVar3 to i64
  %tmpVar4 = add i64 %tmpVar2, %8
  %9 = trunc i64 %tmpVar4 to i32
  store i32 %9, i32* %func, align 4
  %func_ret = load i32, i32* %func, align 4
  ret i32 %func_ret
}
