---
source: src/codegen/tests/parameters_tests.rs
expression: result
snapshot_kind: text
---
; ModuleID = '<internal>'
source_filename = "<internal>"
target datalayout = "e-m:e-p270:32:32-p271:32:32-p272:64:64-i64:64-f80:128-n8:16:32:64-S128"
target triple = "x86_64-pc-linux-gnu"

%prog = type { i32, i32, i32* }
%main = type { i32, i32, i32 }

@prog_instance = global %prog zeroinitializer
@main_instance = global %main zeroinitializer

define void @prog(%prog* %0) {
entry:
  %input1 = getelementptr inbounds %prog, %prog* %0, i32 0, i32 0
  %output1 = getelementptr inbounds %prog, %prog* %0, i32 0, i32 1
  %inout1 = getelementptr inbounds %prog, %prog* %0, i32 0, i32 2
  ret void
}

define void @main(%main* %0) {
entry:
  %var1 = getelementptr inbounds %main, %main* %0, i32 0, i32 0
  %var2 = getelementptr inbounds %main, %main* %0, i32 0, i32 1
  %var3 = getelementptr inbounds %main, %main* %0, i32 0, i32 2
  %load_var1 = load i32, i32* %var1, align 4
  store i32 %load_var1, i32* getelementptr inbounds (%prog, %prog* @prog_instance, i32 0, i32 0), align 4
  store i32* %var3, i32** getelementptr inbounds (%prog, %prog* @prog_instance, i32 0, i32 2), align 8
  call void @prog(%prog* @prog_instance)
  ret void
}
