---
source: src/codegen/tests/code_gen_tests.rs
assertion_line: 2162
expression: result

---
; ModuleID = 'main'
source_filename = "main"

%InnerStruct = type { i16, i16 }
%OuterStruct = type { %InnerStruct, %InnerStruct }
%Main_interface = type { %OuterStruct }

@InnerStruct__init = unnamed_addr constant %InnerStruct zeroinitializer
@OuterStruct__init = unnamed_addr constant %OuterStruct zeroinitializer
@Main_instance = global %Main_interface zeroinitializer

define void @Main(%Main_interface* %0) {
entry:
  %m = getelementptr inbounds %Main_interface, %Main_interface* %0, i32 0, i32 0
  %out1 = getelementptr inbounds %OuterStruct, %OuterStruct* %m, i32 0, i32 0
  %inner1 = getelementptr inbounds %InnerStruct, %InnerStruct* %out1, i32 0, i32 0
  store i16 3, i16* %inner1, align 2
  %out2 = getelementptr inbounds %OuterStruct, %OuterStruct* %m, i32 0, i32 1
  %inner2 = getelementptr inbounds %InnerStruct, %InnerStruct* %out2, i32 0, i32 1
  store i16 7, i16* %inner2, align 2
  ret void
}

