---
source: src/codegen/tests/expression_tests.rs
expression: result
---
; ModuleID = 'main'
source_filename = "main"

%prg = type { i8, i8, i8 }

@prg_instance = global %prg zeroinitializer

define void @prg(%prg* %0) {
entry:
  %x = getelementptr inbounds %prg, %prg* %0, i32 0, i32 0
  %y = getelementptr inbounds %prg, %prg* %0, i32 0, i32 1
  %z = getelementptr inbounds %prg, %prg* %0, i32 0, i32 2
  ret void
}

