---
source: src/codegen/tests/code_gen_tests.rs
expression: prg
---
; ModuleID = '<internal>'
source_filename = "<internal>"
target datalayout = "[filtered]"
target triple = "[filtered]"

%fb = type {}

@__fb__init = unnamed_addr constant %fb zeroinitializer

define void @fb(%fb* %0) {
entry:
  %this = alloca %fb*, align 8
  store %fb* %0, %fb** %this, align 8
  %call = call i32 @fb__meth(%fb* %0, i32 1, i32 2, i32 3)
  %call1 = call i32 @fb__meth(%fb* %0, i32 5, i32 7, i32 10)
  %call2 = call i32 @fb__meth(%fb* %0, i32 3, i32 4, i32 10)
  %call3 = call i32 @fb__meth(%fb* %0, i32 6, i32 4, i32 10)
  ret void
}

define i32 @fb__meth(%fb* %0, i32 %1, i32 %2, i32 %3) {
entry:
  %this = alloca %fb*, align 8
  store %fb* %0, %fb** %this, align 8
  %fb.meth = alloca i32, align 4
  %a = alloca i32, align 4
  store i32 %1, i32* %a, align 4
  %b = alloca i32, align 4
  store i32 %2, i32* %b, align 4
  %c = alloca i32, align 4
  store i32 %3, i32* %c, align 4
  store i32 0, i32* %fb.meth, align 4
  %fb__meth_ret = load i32, i32* %fb.meth, align 4
  ret i32 %fb__meth_ret
}
