---
source: src/codegen/tests/code_gen_tests.rs
expression: result
---
; ModuleID = 'main'
source_filename = "main"

%prg_interface = type { i64, i64, i64, i64 }

@prg_instance = global %prg_interface zeroinitializer

define void @prg(%prg_interface* %0) {
entry:
  %w = getelementptr inbounds %prg_interface, %prg_interface* %0, i32 0, i32 0
  %x = getelementptr inbounds %prg_interface, %prg_interface* %0, i32 0, i32 1
  %y = getelementptr inbounds %prg_interface, %prg_interface* %0, i32 0, i32 2
  %z = getelementptr inbounds %prg_interface, %prg_interface* %0, i32 0, i32 3
  store i64 100012006003, i64* %w, align 4
  store i64 100012006003, i64* %w, align 4
  store i64 465436800000000000, i64* %x, align 4
  store i64 0, i64* %x, align 4
  store i64 465509714000000000, i64* %y, align 4
  store i64 58804123456789, i64* %y, align 4
  store i64 56190999999999, i64* %z, align 4
  store i64 56190123456000, i64* %z, align 4
  ret void
}

